
================================================================
  Bug Council: coconut (web)
================================================================
Your branch is behind 'origin/main' by 12 commits, and can be fast-forwarded.
  (use "git pull" to update your local branch)
HEAD is now at 9a7ed6c mm

added 683 packages in 1m

193 packages are looking for funding
  run `npm fund` for details
Starting Bug Council audit for coconut...
PR #113 created for coconut.
Polling CI for PR #113...
CI passed for coconut!
https://github.com/Coconut-Banking/coconut/pull/113#issuecomment-4137927794

================================================================
  Bug Council: coconut-app (mobile)
================================================================
Your branch is up to date with 'upstream/main'.
HEAD is now at 00f43b7 Skip auth mode, fix reload spinner, bypass Clerk for UI preview

up to date in 2s

107 packages are looking for funding
  run `npm fund` for details
Starting Bug Council audit for coconut-app...
PR #30 created for coconut-app.
PR #30 has merge conflicts. Auto-resolving...
WARNING: Merge conflicts still present for coconut-app after auto-resolve attempt.
Polling CI for PR #30...
Poll 1/60 for coconut-app: CI still running...
Poll 2/60 for coconut-app: CI still running...
Poll 3/60 for coconut-app: CI still running...
Poll 4/60 for coconut-app: CI still running...
Poll 5/60 for coconut-app: CI still running...
Poll 6/60 for coconut-app: CI still running...
Poll 7/60 for coconut-app: CI still running...
Poll 8/60 for coconut-app: CI still running...
Poll 9/60 for coconut-app: CI still running...
Poll 10/60 for coconut-app: CI still running...
Poll 11/60 for coconut-app: CI still running...
Poll 12/60 for coconut-app: CI still running...
Poll 13/60 for coconut-app: CI still running...
Poll 14/60 for coconut-app: CI still running...
Poll 15/60 for coconut-app: CI still running...
Poll 16/60 for coconut-app: CI still running...
Poll 17/60 for coconut-app: CI still running...
Poll 18/60 for coconut-app: CI still running...
Poll 19/60 for coconut-app: CI still running...
Poll 20/60 for coconut-app: CI still running...
Poll 21/60 for coconut-app: CI still running...
Poll 22/60 for coconut-app: CI still running...
Poll 23/60 for coconut-app: CI still running...
Poll 24/60 for coconut-app: CI still running...
Poll 25/60 for coconut-app: CI still running...
Poll 26/60 for coconut-app: CI still running...
Poll 27/60 for coconut-app: CI still running...
Poll 28/60 for coconut-app: CI still running...
Poll 29/60 for coconut-app: CI still running...
Poll 30/60 for coconut-app: CI still running...
Poll 31/60 for coconut-app: CI still running...
Poll 32/60 for coconut-app: CI still running...
Poll 33/60 for coconut-app: CI still running...
Poll 34/60 for coconut-app: CI still running...
Poll 35/60 for coconut-app: CI still running...
Poll 36/60 for coconut-app: CI still running...
Poll 37/60 for coconut-app: CI still running...
Poll 38/60 for coconut-app: CI still running...
Poll 39/60 for coconut-app: CI still running...
Poll 40/60 for coconut-app: CI still running...
Poll 41/60 for coconut-app: CI still running...
Poll 42/60 for coconut-app: CI still running...
Poll 43/60 for coconut-app: CI still running...
Poll 44/60 for coconut-app: CI still running...
Poll 45/60 for coconut-app: CI still running...
Poll 46/60 for coconut-app: CI still running...
Poll 47/60 for coconut-app: CI still running...
Poll 48/60 for coconut-app: CI still running...
Poll 49/60 for coconut-app: CI still running...
Poll 50/60 for coconut-app: CI still running...
Poll 51/60 for coconut-app: CI still running...
Poll 52/60 for coconut-app: CI still running...
Poll 53/60 for coconut-app: CI still running...
Poll 54/60 for coconut-app: CI still running...
Poll 55/60 for coconut-app: CI still running...
Poll 56/60 for coconut-app: CI still running...
Poll 57/60 for coconut-app: CI still running...
Poll 58/60 for coconut-app: CI still running...
Poll 59/60 for coconut-app: CI still running...
Poll 60/60 for coconut-app: CI still running...
https://github.com/Coconut-Banking/coconut-app/pull/30#issuecomment-4138213746
Cleaning up...

================================================================
  Bug Council: coconut (web)
================================================================
M	package-lock.json
Your branch is behind 'origin/main' by 18 commits, and can be fast-forwarded.
  (use "git pull" to update your local branch)
HEAD is now at 7c6cb14 fix(splitwise): deep link uses OAuth app variant + path-style URI

up to date in 2s

193 packages are looking for funding
  run `npm fund` for details
Starting Bug Council audit for coconut...
PR #117 created for coconut.
Polling CI for PR #117...
CI passed for coconut!
https://github.com/Coconut-Banking/coconut/pull/117#issuecomment-4144315349

================================================================
  Bug Council: coconut-app (mobile)
================================================================
Your branch is behind 'upstream/main' by 75 commits, and can be fast-forwarded.
  (use "git pull" to update your local branch)
HEAD is now at 00f43b7 Skip auth mode, fix reload spinner, bypass Clerk for UI preview

up to date in 3s

107 packages are looking for funding
  run `npm fund` for details
Starting Bug Council audit for coconut-app...
PR #31 created for coconut-app.
PR #31 has merge conflicts. Auto-resolving...
Merge conflicts resolved for coconut-app.
Polling CI for PR #31...
CI passed for coconut-app!
https://github.com/Coconut-Banking/coconut-app/pull/31#issuecomment-4144461332
Cleaning up...

================================================================
  Bug Council: coconut (web)
================================================================
M	package-lock.json
HEAD is now at 7c6cb14 fix(splitwise): deep link uses OAuth app variant + path-style URI

up to date in 6s

193 packages are looking for funding
  run `npm fund` for details
Starting Bug Council audit for coconut...
No PR found for coconut. May have found no bugs or failed.

================================================================
  Bug Council: coconut-app (mobile)
================================================================
HEAD is now at 00f43b7 Skip auth mode, fix reload spinner, bypass Clerk for UI preview

up to date in 15s

107 packages are looking for funding
  run `npm fund` for details
Starting Bug Council audit for coconut-app...
No PR found for coconut-app. May have found no bugs or failed.
Cleaning up...

================================================================
  Bug Council: coconut (web)
================================================================
M	package-lock.json
HEAD is now at edc1c45 fix: filter out pending transactions when posted counterpart exists

up to date in 1s

193 packages are looking for funding
  run `npm fund` for details
Starting Bug Council audit for coconut...
No PR found for coconut. May have found no bugs or failed.

================================================================
  Bug Council: coconut-app (mobile)
================================================================
M	package-lock.json
HEAD is now at 00f43b7 Skip auth mode, fix reload spinner, bypass Clerk for UI preview

up to date in 30m

107 packages are looking for funding
  run `npm fund` for details
Starting Bug Council audit for coconut-app...
PR #32 created for coconut-app.
PR #32 has merge conflicts. Auto-resolving...
Merge conflicts resolved for coconut-app.
Polling CI for PR #32...
CI passed for coconut-app!
https://github.com/Coconut-Banking/coconut-app/pull/32#issuecomment-4152175015
Cleaning up...

================================================================
  Bug Council: coconut (web)
================================================================
M	package-lock.json
HEAD is now at 0cb863c feat: add PDF export endpoint for receipt splits

up to date in 872ms

193 packages are looking for funding
  run `npm fund` for details
Starting Bug Council audit for coconut...
PR #122 created for coconut.
Polling CI for PR #122...
CI passed for coconut!
https://github.com/Coconut-Banking/coconut/pull/122#issuecomment-4157055793

================================================================
  Bug Council: coconut-app (mobile)
================================================================
HEAD is now at 00f43b7 Skip auth mode, fix reload spinner, bypass Clerk for UI preview

up to date in 5s

107 packages are looking for funding
  run `npm fund` for details
Starting Bug Council audit for coconut-app...
PR #31 created for coconut-app.
Polling CI for PR #31...
CI passed for coconut-app!
https://github.com/Coconut-Banking/coconut-app/pull/31#issuecomment-4157064958
Cleaning up...

================================================================
  Bug Council: coconut (web)
================================================================
M	package-lock.json
HEAD is now at c558696 fix: eliminate Clerk 429 cascade — stop blocking all requests on rate limit

up to date in 914ms

193 packages are looking for funding
  run `npm fund` for details
Starting Bug Council audit for coconut...
PR #126 created for coconut.
Polling CI for PR #126...
CI passed for coconut!
https://github.com/Coconut-Banking/coconut/pull/126#issuecomment-4164551559

================================================================
  Bug Council: coconut-app (mobile)
================================================================
M	package-lock.json
HEAD is now at 00f43b7 Skip auth mode, fix reload spinner, bypass Clerk for UI preview

up to date in 2s

107 packages are looking for funding
  run `npm fund` for details
Starting Bug Council audit for coconut-app...
No PR found for coconut-app. May have found no bugs or failed.
Cleaning up...

================================================================
  Bug Council: coconut (web)
================================================================
M	package-lock.json
Your branch is behind 'origin/main' by 30 commits, and can be fast-forwarded.
  (use "git pull" to update your local branch)
HEAD is now at 2951db7 Merge pull request #126 from Coconut-Banking/fix/bug-council-20260331

up to date in 751ms

193 packages are looking for funding
  run `npm fund` for details
Starting Bug Council audit for coconut...
PR #130 created for coconut.
Polling CI for PR #130...
CI passed for coconut!
https://github.com/Coconut-Banking/coconut/pull/130#issuecomment-4172728792

================================================================
  Bug Council: coconut-app (mobile)
================================================================
M	package-lock.json
HEAD is now at 00f43b7 Skip auth mode, fix reload spinner, bypass Clerk for UI preview

up to date in 2s

107 packages are looking for funding
  run `npm fund` for details
Starting Bug Council audit for coconut-app...
PR #39 created for coconut-app.
PR #39 has merge conflicts. Auto-resolving...
Merge conflicts resolved for coconut-app.
Polling CI for PR #39...
CI failed for coconut-app. Spawning fix agent (attempt 1)...
Poll 2/60 for coconut-app: CI still running...
CI passed for coconut-app!
https://github.com/Coconut-Banking/coconut-app/pull/39#issuecomment-4172986108
Cleaning up...

================================================================
  Bug Council: coconut (web)
================================================================
M	package-lock.json
Your branch is behind 'origin/main' by 38 commits, and can be fast-forwarded.
  (use "git pull" to update your local branch)
HEAD is now at a56f416 fix: deduplicate friends with same name across groups

up to date in 806ms

193 packages are looking for funding
  run `npm fund` for details
Starting Bug Council audit for coconut...
No PR found for coconut. May have found no bugs or failed.

================================================================
  Bug Council: coconut-app (mobile)
================================================================
HEAD is now at 00f43b7 Skip auth mode, fix reload spinner, bypass Clerk for UI preview

up to date in 2s

107 packages are looking for funding
  run `npm fund` for details
Starting Bug Council audit for coconut-app...
PR #40 created for coconut-app.
PR #40 has merge conflicts. Auto-resolving...
Merge conflicts resolved for coconut-app.
Polling CI for PR #40...
CI failed for coconut-app. Spawning fix agent (attempt 1)...
Poll 2/60 for coconut-app: CI still running...
CI passed for coconut-app!
https://github.com/Coconut-Banking/coconut-app/pull/40#issuecomment-4179604865
Cleaning up...

================================================================
  Bug Council v2: coconut (web)
================================================================
M	package-lock.json
Your branch is behind 'origin/main' by 20 commits, and can be fast-forwarded.
  (use "git pull" to update your local branch)
HEAD is now at 97b8db5 chore: trigger deploy for Vercel [skip ci]

up to date in 919ms

193 packages are looking for funding
  run `npm fund` for details
Starting Bug Council v2 audit for coconut...
PR #139 created for coconut.
Polling CI for PR #139...
CI passed for coconut!
https://github.com/Coconut-Banking/coconut/pull/139#issuecomment-4184459799

================================================================
  Bug Council v2: coconut-app (mobile)
================================================================
HEAD is now at 00f43b7 Skip auth mode, fix reload spinner, bypass Clerk for UI preview

added 120 packages, removed 124 packages, and changed 36 packages in 18s

107 packages are looking for funding
  run `npm fund` for details
Starting Bug Council v2 audit for coconut-app...
PR #46 created for coconut-app.
PR #46 has merge conflicts. Auto-resolving...
Merge conflicts resolved for coconut-app.
Polling CI for PR #46...
CI failed for coconut-app. Spawning fix agent (attempt 1)...
Poll 2/60 for coconut-app: CI still running...
CI passed for coconut-app!
https://github.com/Coconut-Banking/coconut-app/pull/46#issuecomment-4184604833
Cleaning up...

================================================================
  Bug Council v2: coconut (web)
================================================================
M	package-lock.json
Your branch is behind 'origin/main' by 6 commits, and can be fast-forwarded.
  (use "git pull" to update your local branch)
HEAD is now at 4d9db99 chore: trigger deploy for Vercel [skip ci]

up to date in 30s

193 packages are looking for funding
  run `npm fund` for details
Starting Bug Council v2 audit for coconut...
No PR found for coconut. Clean audit or failure — check logs.

================================================================
  Bug Council v2: coconut-app (mobile)
================================================================
HEAD is now at 00f43b7 Skip auth mode, fix reload spinner, bypass Clerk for UI preview

up to date in 4s

107 packages are looking for funding
  run `npm fund` for details
Starting Bug Council v2 audit for coconut-app...
No PR found for coconut-app. Clean audit or failure — check logs.
Cleaning up...

================================================================
  Bug Council v2: coconut (web)
================================================================
M	package-lock.json
Your branch is behind 'origin/main' by 12 commits, and can be fast-forwarded.
  (use "git pull" to update your local branch)
HEAD is now at f54b450 feat: add mySpend and categoryBreakdown to group detail API

up to date in 765ms

193 packages are looking for funding
  run `npm fund` for details
Starting Bug Council v2 audit for coconut...
PR #140 created for coconut.
Polling CI for PR #140...
CI passed for coconut!
https://github.com/Coconut-Banking/coconut/pull/140#issuecomment-4189566568

================================================================
  Bug Council v2: coconut-app (mobile)
================================================================
M	package-lock.json
HEAD is now at 00f43b7 Skip auth mode, fix reload spinner, bypass Clerk for UI preview

up to date in 1s

107 packages are looking for funding
  run `npm fund` for details
Starting Bug Council v2 audit for coconut-app...
PR #48 created for coconut-app.
PR #48 has merge conflicts. Auto-resolving...
Merge conflicts resolved for coconut-app.
Polling CI for PR #48...
CI failed for coconut-app. Spawning fix agent (attempt 1)...
CI failed for coconut-app. Spawning fix agent (attempt 2)...
CI still failing for coconut-app after 2 fix attempts.
https://github.com/Coconut-Banking/coconut-app/pull/48#issuecomment-4189594581
Cleaning up...

================================================================
  Bug Council v2: coconut (web)
================================================================
M	package-lock.json
Your branch is behind 'origin/main' by 39 commits, and can be fast-forwarded.
  (use "git pull" to update your local branch)
HEAD is now at 4ad4230 fix: rollback orphaned split_transactions on shares insert failure, fix stale closure in receipt fee calculations

up to date in 737ms

193 packages are looking for funding
  run `npm fund` for details
Starting Bug Council v2 audit for coconut...
No PR found for coconut. Clean audit or failure — check logs.

================================================================
  Bug Council v2: coconut-app (mobile)
================================================================
HEAD is now at 00f43b7 Skip auth mode, fix reload spinner, bypass Clerk for UI preview

added 119 packages, removed 637 packages, and changed 50 packages in 13s

107 packages are looking for funding
  run `npm fund` for details
Starting Bug Council v2 audit for coconut-app...
No PR found for coconut-app. Clean audit or failure — check logs.
Cleaning up...

================================================================
  Bug Council v2: coconut (web)
================================================================
M	package-lock.json
Your branch is behind 'origin/main' by 4 commits, and can be fast-forwarded.
  (use "git pull" to update your local branch)
HEAD is now at 75a1e7e m

up to date in 20s

193 packages are looking for funding
  run `npm fund` for details
Starting Bug Council v2 audit for coconut...
PR #144 created for coconut.
Polling CI for PR #144...
CI passed for coconut!
https://github.com/Coconut-Banking/coconut/pull/144#issuecomment-4201586479

================================================================
  Bug Council v2: coconut-app (mobile)
================================================================
M	package-lock.json
HEAD is now at 00f43b7 Skip auth mode, fix reload spinner, bypass Clerk for UI preview

up to date in 8s

107 packages are looking for funding
  run `npm fund` for details
Starting Bug Council v2 audit for coconut-app...
PR #51 created for coconut-app.
PR #51 has merge conflicts. Auto-resolving...
WARNING: Merge conflicts still present for coconut-app after auto-resolve attempt.
Polling CI for PR #51...
Poll 1/60 for coconut-app: CI still running...
Poll 2/60 for coconut-app: CI still running...
Poll 3/60 for coconut-app: CI still running...
Poll 4/60 for coconut-app: CI still running...
Poll 5/60 for coconut-app: CI still running...
Poll 6/60 for coconut-app: CI still running...
Poll 7/60 for coconut-app: CI still running...
Poll 8/60 for coconut-app: CI still running...
Poll 9/60 for coconut-app: CI still running...
Poll 10/60 for coconut-app: CI still running...
Poll 11/60 for coconut-app: CI still running...
Poll 12/60 for coconut-app: CI still running...
Poll 13/60 for coconut-app: CI still running...
Poll 14/60 for coconut-app: CI still running...
Poll 15/60 for coconut-app: CI still running...
Poll 16/60 for coconut-app: CI still running...
Poll 17/60 for coconut-app: CI still running...
Poll 18/60 for coconut-app: CI still running...
Poll 19/60 for coconut-app: CI still running...
Poll 20/60 for coconut-app: CI still running...
Poll 21/60 for coconut-app: CI still running...
Poll 22/60 for coconut-app: CI still running...
Poll 23/60 for coconut-app: CI still running...
Poll 24/60 for coconut-app: CI still running...
Poll 25/60 for coconut-app: CI still running...
Poll 26/60 for coconut-app: CI still running...
Poll 27/60 for coconut-app: CI still running...
Poll 28/60 for coconut-app: CI still running...
Poll 29/60 for coconut-app: CI still running...
Poll 30/60 for coconut-app: CI still running...
Poll 31/60 for coconut-app: CI still running...
Poll 32/60 for coconut-app: CI still running...
Poll 33/60 for coconut-app: CI still running...
Poll 34/60 for coconut-app: CI still running...
Poll 35/60 for coconut-app: CI still running...
Poll 36/60 for coconut-app: CI still running...
Poll 37/60 for coconut-app: CI still running...
Poll 38/60 for coconut-app: CI still running...
Poll 39/60 for coconut-app: CI still running...
Poll 40/60 for coconut-app: CI still running...
Poll 41/60 for coconut-app: CI still running...
Poll 42/60 for coconut-app: CI still running...
Poll 43/60 for coconut-app: CI still running...
Poll 44/60 for coconut-app: CI still running...
Poll 45/60 for coconut-app: CI still running...
Poll 46/60 for coconut-app: CI still running...
Poll 47/60 for coconut-app: CI still running...
Poll 48/60 for coconut-app: CI still running...
Poll 49/60 for coconut-app: CI still running...
Poll 50/60 for coconut-app: CI still running...
Poll 51/60 for coconut-app: CI still running...
Poll 52/60 for coconut-app: CI still running...
Poll 53/60 for coconut-app: CI still running...
Poll 54/60 for coconut-app: CI still running...
Poll 55/60 for coconut-app: CI still running...
Poll 56/60 for coconut-app: CI still running...
Poll 57/60 for coconut-app: CI still running...
Poll 58/60 for coconut-app: CI still running...
Poll 59/60 for coconut-app: CI still running...
Poll 60/60 for coconut-app: CI still running...
https://github.com/Coconut-Banking/coconut-app/pull/51#issuecomment-4201855465
Cleaning up...

================================================================
  Bug Council v2: coconut (web)
================================================================
M	package-lock.json
Your branch is up to date with 'origin/main'.
HEAD is now at 3ff5c76 chore: trigger deploy for Vercel [skip ci]

up to date in 843ms

193 packages are looking for funding
  run `npm fund` for details
Starting Bug Council v2 audit for coconut...
No PR found for coconut. Clean audit or failure — check logs.

================================================================
  Bug Council v2: coconut-app (mobile)
================================================================
M	package-lock.json
HEAD is now at 00f43b7 Skip auth mode, fix reload spinner, bypass Clerk for UI preview

up to date in 2s

107 packages are looking for funding
  run `npm fund` for details
Starting Bug Council v2 audit for coconut-app...
No PR found for coconut-app. Clean audit or failure — check logs.
Cleaning up...

================================================================
  Bug Council v2: coconut (web)
================================================================
M	package-lock.json
Your branch is behind 'origin/main' by 22 commits, and can be fast-forwarded.
  (use "git pull" to update your local branch)
HEAD is now at f47e50e feat: wire up settlement shadow write + improve verify endpoint

up to date in 781ms

193 packages are looking for funding
  run `npm fund` for details
Starting Bug Council v2 audit for coconut...
PR #244 created for coconut.
Polling CI for PR #244...
CI passed for coconut!
https://github.com/Coconut-Banking/coconut/pull/244#issuecomment-4216322016

================================================================
  Bug Council v2: coconut-app (mobile)
================================================================
M	package-lock.json
HEAD is now at 00f43b7 Skip auth mode, fix reload spinner, bypass Clerk for UI preview

up to date in 2s

107 packages are looking for funding
  run `npm fund` for details
Starting Bug Council v2 audit for coconut-app...
PR #56 created for coconut-app.
PR #56 has merge conflicts. Auto-resolving...
Merge conflicts resolved for coconut-app.
Polling CI for PR #56...
CI failed for coconut-app. Spawning fix agent (attempt 1)...
Poll 2/60 for coconut-app: CI still running...
CI passed for coconut-app!
https://github.com/Coconut-Banking/coconut-app/pull/56#issuecomment-4216440049
Cleaning up...

================================================================
  Bug Council v2: coconut (web)
================================================================
M	package-lock.json
Your branch is up to date with 'origin/main'.
HEAD is now at f47e50e feat: wire up settlement shadow write + improve verify endpoint

up to date in 19s

193 packages are looking for funding
  run `npm fund` for details
Starting Bug Council v2 audit for coconut...
PR #244 created for coconut.
Polling CI for PR #244...
CI passed for coconut!
https://github.com/Coconut-Banking/coconut/pull/244#issuecomment-4225569922

================================================================
  Bug Council v2: coconut-app (mobile)
================================================================
HEAD is now at 00f43b7 Skip auth mode, fix reload spinner, bypass Clerk for UI preview

up to date in 9s

107 packages are looking for funding
  run `npm fund` for details
Starting Bug Council v2 audit for coconut-app...
PR #57 created for coconut-app.
PR #57 has merge conflicts. Auto-resolving...
Merge conflicts resolved for coconut-app.
Polling CI for PR #57...
Poll 1/60 for coconut-app: CI still running...
CI passed for coconut-app!
https://github.com/Coconut-Banking/coconut-app/pull/57#issuecomment-4225673430
Cleaning up...

================================================================
  Bug Council v2: coconut (web)
================================================================
M	package-lock.json
Your branch is behind 'origin/main' by 12 commits, and can be fast-forwarded.
  (use "git pull" to update your local branch)
HEAD is now at 4fbf2cf chore: trigger deploy for Vercel [skip ci]

up to date in 2s

193 packages are looking for funding
  run `npm fund` for details
Starting Bug Council v2 audit for coconut...
PR #245 created for coconut.
Polling CI for PR #245...
Poll 1/60 for coconut: CI still running...
CI passed for coconut!
https://github.com/Coconut-Banking/coconut/pull/245#issuecomment-4230941215

================================================================
  Bug Council v2: coconut-app (mobile)
================================================================
HEAD is now at 00f43b7 Skip auth mode, fix reload spinner, bypass Clerk for UI preview

up to date in 11s

107 packages are looking for funding
  run `npm fund` for details
Starting Bug Council v2 audit for coconut-app...
PR #57 created for coconut-app.
Polling CI for PR #57...
CI passed for coconut-app!
https://github.com/Coconut-Banking/coconut-app/pull/57#issuecomment-4231995556
Cleaning up...

================================================================
  Bug Council v2: coconut (web)
================================================================
Your branch is up to date with 'origin/main'.
HEAD is now at 4fbf2cf chore: trigger deploy for Vercel [skip ci]

up to date in 23s

193 packages are looking for funding
  run `npm fund` for details
Starting Bug Council v2 audit for coconut...
No PR found for coconut. Clean audit or failure — check logs.

================================================================
  Bug Council v2: coconut-app (mobile)
================================================================
M	package-lock.json
HEAD is now at 00f43b7 Skip auth mode, fix reload spinner, bypass Clerk for UI preview

up to date in 20m

107 packages are looking for funding
  run `npm fund` for details
Starting Bug Council v2 audit for coconut-app...
No PR found for coconut-app. Clean audit or failure — check logs.
Cleaning up...

================================================================
  Bug Council v2: coconut (web)
================================================================
M	package-lock.json
Your branch is behind 'origin/main' by 2 commits, and can be fast-forwarded.
  (use "git pull" to update your local branch)
HEAD is now at 1f1abb5 fix: prevent self-owe suggestions and refresh stale Splitwise cache

up to date in 17s

193 packages are looking for funding
  run `npm fund` for details
Starting Bug Council v2 audit for coconut...
PR #245 created for coconut.
Polling CI for PR #245...
Poll 1/60 for coconut: CI still running...
Poll 2/60 for coconut: CI still running...
Poll 3/60 for coconut: CI still running...
Poll 4/60 for coconut: CI still running...
CI passed for coconut!
https://github.com/Coconut-Banking/coconut/pull/245#issuecomment-4239090992

================================================================
  Bug Council v2: coconut-app (mobile)
================================================================
M	package-lock.json
HEAD is now at 00f43b7 Skip auth mode, fix reload spinner, bypass Clerk for UI preview

up to date in 4s

107 packages are looking for funding
  run `npm fund` for details
Starting Bug Council v2 audit for coconut-app...
PR #57 created for coconut-app.
Polling CI for PR #57...
CI passed for coconut-app!
https://github.com/Coconut-Banking/coconut-app/pull/57#issuecomment-4239097098
Cleaning up...

================================================================
  Bug Council v2: coconut (web)
================================================================
M	package-lock.json
Your branch is behind 'origin/main' by 25 commits, and can be fast-forwarded.
  (use "git pull" to update your local branch)
HEAD is now at ea0ed85 fix: prevent cross-linking users into other people's group copies

up to date in 889ms

193 packages are looking for funding
  run `npm fund` for details
Starting Bug Council v2 audit for coconut...
PR #248 created for coconut.
Polling CI for PR #248...
CI passed for coconut!
https://github.com/Coconut-Banking/coconut/pull/248#issuecomment-4246051739

================================================================
  Bug Council v2: coconut-app (mobile)
================================================================
M	package-lock.json
HEAD is now at 00f43b7 Skip auth mode, fix reload spinner, bypass Clerk for UI preview

up to date in 2s

107 packages are looking for funding
  run `npm fund` for details
Starting Bug Council v2 audit for coconut-app...
PR #58 created for coconut-app.
PR #58 has merge conflicts. Auto-resolving...
WARNING: Merge conflicts still present for coconut-app after auto-resolve attempt.
Polling CI for PR #58...
Poll 1/60 for coconut-app: CI still running...
Poll 2/60 for coconut-app: CI still running...
Poll 3/60 for coconut-app: CI still running...
Poll 4/60 for coconut-app: CI still running...
Poll 5/60 for coconut-app: CI still running...
Poll 6/60 for coconut-app: CI still running...
Poll 7/60 for coconut-app: CI still running...
Poll 8/60 for coconut-app: CI still running...
Poll 9/60 for coconut-app: CI still running...
Poll 10/60 for coconut-app: CI still running...
Poll 11/60 for coconut-app: CI still running...
Poll 12/60 for coconut-app: CI still running...
Poll 13/60 for coconut-app: CI still running...
Poll 14/60 for coconut-app: CI still running...
Poll 15/60 for coconut-app: CI still running...
Poll 16/60 for coconut-app: CI still running...
Poll 17/60 for coconut-app: CI still running...
Poll 18/60 for coconut-app: CI still running...
Poll 19/60 for coconut-app: CI still running...
Poll 20/60 for coconut-app: CI still running...
Poll 21/60 for coconut-app: CI still running...
Poll 22/60 for coconut-app: CI still running...
Poll 23/60 for coconut-app: CI still running...
Poll 24/60 for coconut-app: CI still running...
Poll 25/60 for coconut-app: CI still running...
Poll 26/60 for coconut-app: CI still running...
Poll 27/60 for coconut-app: CI still running...
Poll 28/60 for coconut-app: CI still running...
Poll 29/60 for coconut-app: CI still running...
Poll 30/60 for coconut-app: CI still running...
Poll 31/60 for coconut-app: CI still running...
Poll 32/60 for coconut-app: CI still running...
Poll 33/60 for coconut-app: CI still running...
Poll 34/60 for coconut-app: CI still running...
Poll 35/60 for coconut-app: CI still running...
Poll 36/60 for coconut-app: CI still running...
Poll 37/60 for coconut-app: CI still running...
Poll 38/60 for coconut-app: CI still running...
Poll 39/60 for coconut-app: CI still running...
Poll 40/60 for coconut-app: CI still running...
Poll 41/60 for coconut-app: CI still running...
Poll 42/60 for coconut-app: CI still running...
Poll 43/60 for coconut-app: CI still running...
Poll 44/60 for coconut-app: CI still running...
Poll 45/60 for coconut-app: CI still running...
Poll 46/60 for coconut-app: CI still running...
Poll 47/60 for coconut-app: CI still running...
Poll 48/60 for coconut-app: CI still running...
Poll 49/60 for coconut-app: CI still running...
Poll 50/60 for coconut-app: CI still running...
Poll 51/60 for coconut-app: CI still running...
Poll 52/60 for coconut-app: CI still running...
Poll 53/60 for coconut-app: CI still running...
Poll 54/60 for coconut-app: CI still running...
Poll 55/60 for coconut-app: CI still running...
Poll 56/60 for coconut-app: CI still running...
Poll 57/60 for coconut-app: CI still running...
Poll 58/60 for coconut-app: CI still running...
Poll 59/60 for coconut-app: CI still running...
Poll 60/60 for coconut-app: CI still running...
https://github.com/Coconut-Banking/coconut-app/pull/58#issuecomment-4246350964
Cleaning up...
