
================================================================
  Bug Council v2: coconut (web)
================================================================
M	package-lock.json
Your branch is up to date with 'origin/main'.
HEAD is now at 3ff5c76 chore: trigger deploy for Vercel [skip ci]

up to date in 843ms

193 packages are looking for funding
  run `npm fund` for details
Starting Bug Council v2 audit for coconut...
No PR found for coconut. Clean audit or failure — check logs.

================================================================
  Bug Council v2: coconut-app (mobile)
================================================================
M	package-lock.json
HEAD is now at 00f43b7 Skip auth mode, fix reload spinner, bypass Clerk for UI preview

up to date in 2s

107 packages are looking for funding
  run `npm fund` for details
Starting Bug Council v2 audit for coconut-app...
No PR found for coconut-app. Clean audit or failure — check logs.
Cleaning up...
