
================================================================
  Bug Council v2: coconut (web)
================================================================
M	package-lock.json
Your branch is behind 'origin/main' by 39 commits, and can be fast-forwarded.
  (use "git pull" to update your local branch)
HEAD is now at 4ad4230 fix: rollback orphaned split_transactions on shares insert failure, fix stale closure in receipt fee calculations

up to date in 737ms

193 packages are looking for funding
  run `npm fund` for details
Starting Bug Council v2 audit for coconut...
No PR found for coconut. Clean audit or failure — check logs.

================================================================
  Bug Council v2: coconut-app (mobile)
================================================================
HEAD is now at 00f43b7 Skip auth mode, fix reload spinner, bypass Clerk for UI preview

added 119 packages, removed 637 packages, and changed 50 packages in 13s

107 packages are looking for funding
  run `npm fund` for details
Starting Bug Council v2 audit for coconut-app...
No PR found for coconut-app. Clean audit or failure — check logs.
Cleaning up...
