
================================================================
  Bug Council v2: coconut (web)
================================================================
M	package-lock.json
Your branch is behind 'origin/main' by 12 commits, and can be fast-forwarded.
  (use "git pull" to update your local branch)
HEAD is now at f54b450 feat: add mySpend and categoryBreakdown to group detail API

up to date in 765ms

193 packages are looking for funding
  run `npm fund` for details
Starting Bug Council v2 audit for coconut...
PR #140 created for coconut.
Polling CI for PR #140...
CI passed for coconut!
https://github.com/Coconut-Banking/coconut/pull/140#issuecomment-4189566568

================================================================
  Bug Council v2: coconut-app (mobile)
================================================================
M	package-lock.json
HEAD is now at 00f43b7 Skip auth mode, fix reload spinner, bypass Clerk for UI preview

up to date in 1s

107 packages are looking for funding
  run `npm fund` for details
Starting Bug Council v2 audit for coconut-app...
PR #48 created for coconut-app.
PR #48 has merge conflicts. Auto-resolving...
Merge conflicts resolved for coconut-app.
Polling CI for PR #48...
CI failed for coconut-app. Spawning fix agent (attempt 1)...
CI failed for coconut-app. Spawning fix agent (attempt 2)...
CI still failing for coconut-app after 2 fix attempts.
https://github.com/Coconut-Banking/coconut-app/pull/48#issuecomment-4189594581
Cleaning up...
