
================================================================
  Bug Council v2: coconut (web)
================================================================
M	package-lock.json
Your branch is behind 'origin/main' by 12 commits, and can be fast-forwarded.
  (use "git pull" to update your local branch)
HEAD is now at 4fbf2cf chore: trigger deploy for Vercel [skip ci]

up to date in 2s

193 packages are looking for funding
  run `npm fund` for details
Starting Bug Council v2 audit for coconut...
PR #245 created for coconut.
Polling CI for PR #245...
Poll 1/60 for coconut: CI still running...
CI passed for coconut!
https://github.com/Coconut-Banking/coconut/pull/245#issuecomment-4230941215

================================================================
  Bug Council v2: coconut-app (mobile)
================================================================
HEAD is now at 00f43b7 Skip auth mode, fix reload spinner, bypass Clerk for UI preview

up to date in 11s

107 packages are looking for funding
  run `npm fund` for details
Starting Bug Council v2 audit for coconut-app...
PR #57 created for coconut-app.
Polling CI for PR #57...
CI passed for coconut-app!
https://github.com/Coconut-Banking/coconut-app/pull/57#issuecomment-4231995556
Cleaning up...
