
================================================================
  Bug Council v2: coconut (web)
================================================================
M	package-lock.json
Your branch is behind 'origin/main' by 4 commits, and can be fast-forwarded.
  (use "git pull" to update your local branch)
HEAD is now at 75a1e7e m

up to date in 20s

193 packages are looking for funding
  run `npm fund` for details
Starting Bug Council v2 audit for coconut...
PR #144 created for coconut.
Polling CI for PR #144...
CI passed for coconut!
https://github.com/Coconut-Banking/coconut/pull/144#issuecomment-4201586479

================================================================
  Bug Council v2: coconut-app (mobile)
================================================================
M	package-lock.json
HEAD is now at 00f43b7 Skip auth mode, fix reload spinner, bypass Clerk for UI preview

up to date in 8s

107 packages are looking for funding
  run `npm fund` for details
Starting Bug Council v2 audit for coconut-app...
PR #51 created for coconut-app.
PR #51 has merge conflicts. Auto-resolving...
WARNING: Merge conflicts still present for coconut-app after auto-resolve attempt.
Polling CI for PR #51...
Poll 1/60 for coconut-app: CI still running...
Poll 2/60 for coconut-app: CI still running...
Poll 3/60 for coconut-app: CI still running...
Poll 4/60 for coconut-app: CI still running...
Poll 5/60 for coconut-app: CI still running...
Poll 6/60 for coconut-app: CI still running...
Poll 7/60 for coconut-app: CI still running...
Poll 8/60 for coconut-app: CI still running...
Poll 9/60 for coconut-app: CI still running...
Poll 10/60 for coconut-app: CI still running...
Poll 11/60 for coconut-app: CI still running...
Poll 12/60 for coconut-app: CI still running...
Poll 13/60 for coconut-app: CI still running...
Poll 14/60 for coconut-app: CI still running...
Poll 15/60 for coconut-app: CI still running...
Poll 16/60 for coconut-app: CI still running...
Poll 17/60 for coconut-app: CI still running...
Poll 18/60 for coconut-app: CI still running...
Poll 19/60 for coconut-app: CI still running...
Poll 20/60 for coconut-app: CI still running...
Poll 21/60 for coconut-app: CI still running...
Poll 22/60 for coconut-app: CI still running...
Poll 23/60 for coconut-app: CI still running...
Poll 24/60 for coconut-app: CI still running...
Poll 25/60 for coconut-app: CI still running...
Poll 26/60 for coconut-app: CI still running...
Poll 27/60 for coconut-app: CI still running...
Poll 28/60 for coconut-app: CI still running...
Poll 29/60 for coconut-app: CI still running...
Poll 30/60 for coconut-app: CI still running...
Poll 31/60 for coconut-app: CI still running...
Poll 32/60 for coconut-app: CI still running...
Poll 33/60 for coconut-app: CI still running...
Poll 34/60 for coconut-app: CI still running...
Poll 35/60 for coconut-app: CI still running...
Poll 36/60 for coconut-app: CI still running...
Poll 37/60 for coconut-app: CI still running...
Poll 38/60 for coconut-app: CI still running...
Poll 39/60 for coconut-app: CI still running...
Poll 40/60 for coconut-app: CI still running...
Poll 41/60 for coconut-app: CI still running...
Poll 42/60 for coconut-app: CI still running...
Poll 43/60 for coconut-app: CI still running...
Poll 44/60 for coconut-app: CI still running...
Poll 45/60 for coconut-app: CI still running...
Poll 46/60 for coconut-app: CI still running...
Poll 47/60 for coconut-app: CI still running...
Poll 48/60 for coconut-app: CI still running...
Poll 49/60 for coconut-app: CI still running...
Poll 50/60 for coconut-app: CI still running...
Poll 51/60 for coconut-app: CI still running...
Poll 52/60 for coconut-app: CI still running...
Poll 53/60 for coconut-app: CI still running...
Poll 54/60 for coconut-app: CI still running...
Poll 55/60 for coconut-app: CI still running...
Poll 56/60 for coconut-app: CI still running...
Poll 57/60 for coconut-app: CI still running...
Poll 58/60 for coconut-app: CI still running...
Poll 59/60 for coconut-app: CI still running...
Poll 60/60 for coconut-app: CI still running...
https://github.com/Coconut-Banking/coconut-app/pull/51#issuecomment-4201855465
Cleaning up...
