
================================================================
  Bug Council: coconut (web)
================================================================
M	package-lock.json
Your branch is behind 'origin/main' by 30 commits, and can be fast-forwarded.
  (use "git pull" to update your local branch)
HEAD is now at 2951db7 Merge pull request #126 from Coconut-Banking/fix/bug-council-20260331

up to date in 751ms

193 packages are looking for funding
  run `npm fund` for details
Starting Bug Council audit for coconut...
PR #130 created for coconut.
Polling CI for PR #130...
CI passed for coconut!
https://github.com/Coconut-Banking/coconut/pull/130#issuecomment-4172728792

================================================================
  Bug Council: coconut-app (mobile)
================================================================
M	package-lock.json
HEAD is now at 00f43b7 Skip auth mode, fix reload spinner, bypass Clerk for UI preview

up to date in 2s

107 packages are looking for funding
  run `npm fund` for details
Starting Bug Council audit for coconut-app...
PR #39 created for coconut-app.
PR #39 has merge conflicts. Auto-resolving...
Merge conflicts resolved for coconut-app.
Polling CI for PR #39...
CI failed for coconut-app. Spawning fix agent (attempt 1)...
Poll 2/60 for coconut-app: CI still running...
CI passed for coconut-app!
https://github.com/Coconut-Banking/coconut-app/pull/39#issuecomment-4172986108
Cleaning up...
