
================================================================
  Bug Council v2: coconut (web)
================================================================
M	package-lock.json
Your branch is behind 'origin/main' by 20 commits, and can be fast-forwarded.
  (use "git pull" to update your local branch)
HEAD is now at 97b8db5 chore: trigger deploy for Vercel [skip ci]

up to date in 919ms

193 packages are looking for funding
  run `npm fund` for details
Starting Bug Council v2 audit for coconut...
PR #139 created for coconut.
Polling CI for PR #139...
CI passed for coconut!
https://github.com/Coconut-Banking/coconut/pull/139#issuecomment-4184459799

================================================================
  Bug Council v2: coconut-app (mobile)
================================================================
HEAD is now at 00f43b7 Skip auth mode, fix reload spinner, bypass Clerk for UI preview

added 120 packages, removed 124 packages, and changed 36 packages in 18s

107 packages are looking for funding
  run `npm fund` for details
Starting Bug Council v2 audit for coconut-app...
PR #46 created for coconut-app.
PR #46 has merge conflicts. Auto-resolving...
Merge conflicts resolved for coconut-app.
Polling CI for PR #46...
CI failed for coconut-app. Spawning fix agent (attempt 1)...
Poll 2/60 for coconut-app: CI still running...
CI passed for coconut-app!
https://github.com/Coconut-Banking/coconut-app/pull/46#issuecomment-4184604833
Cleaning up...
