
================================================================
  Bug Council: coconut (web)
================================================================
M	package-lock.json
Your branch is behind 'origin/main' by 38 commits, and can be fast-forwarded.
  (use "git pull" to update your local branch)
HEAD is now at a56f416 fix: deduplicate friends with same name across groups

up to date in 806ms

193 packages are looking for funding
  run `npm fund` for details
Starting Bug Council audit for coconut...
No PR found for coconut. May have found no bugs or failed.

================================================================
  Bug Council: coconut-app (mobile)
================================================================
HEAD is now at 00f43b7 Skip auth mode, fix reload spinner, bypass Clerk for UI preview

up to date in 2s

107 packages are looking for funding
  run `npm fund` for details
Starting Bug Council audit for coconut-app...
PR #40 created for coconut-app.
PR #40 has merge conflicts. Auto-resolving...
Merge conflicts resolved for coconut-app.
Polling CI for PR #40...
CI failed for coconut-app. Spawning fix agent (attempt 1)...
Poll 2/60 for coconut-app: CI still running...
CI passed for coconut-app!
https://github.com/Coconut-Banking/coconut-app/pull/40#issuecomment-4179604865
Cleaning up...
