
================================================================
  Bug Council v2: coconut (web)
================================================================
M	package-lock.json
Your branch is behind 'origin/main' by 22 commits, and can be fast-forwarded.
  (use "git pull" to update your local branch)
HEAD is now at f47e50e feat: wire up settlement shadow write + improve verify endpoint

up to date in 781ms

193 packages are looking for funding
  run `npm fund` for details
Starting Bug Council v2 audit for coconut...
PR #244 created for coconut.
Polling CI for PR #244...
CI passed for coconut!
https://github.com/Coconut-Banking/coconut/pull/244#issuecomment-4216322016

================================================================
  Bug Council v2: coconut-app (mobile)
================================================================
M	package-lock.json
HEAD is now at 00f43b7 Skip auth mode, fix reload spinner, bypass Clerk for UI preview

up to date in 2s

107 packages are looking for funding
  run `npm fund` for details
Starting Bug Council v2 audit for coconut-app...
PR #56 created for coconut-app.
PR #56 has merge conflicts. Auto-resolving...
Merge conflicts resolved for coconut-app.
Polling CI for PR #56...
CI failed for coconut-app. Spawning fix agent (attempt 1)...
Poll 2/60 for coconut-app: CI still running...
CI passed for coconut-app!
https://github.com/Coconut-Banking/coconut-app/pull/56#issuecomment-4216440049
Cleaning up...
