
================================================================
  AI Fix: coconut (web)
================================================================
M	package-lock.json
Your branch is behind 'origin/main' by 18 commits, and can be fast-forwarded.
  (use "git pull" to update your local branch)
HEAD is now at edc1c45 fix: filter out pending transactions when posted counterpart exists

up to date in 958ms

193 packages are looking for funding
  run `npm fund` for details
Fetching ai-fix issues for coconut...
No ai-fix issues found for coconut.

================================================================
  AI Fix: coconut-app (mobile)
================================================================
M	package-lock.json
Your branch is behind 'upstream/main' by 88 commits, and can be fast-forwarded.
  (use "git pull" to update your local branch)
HEAD is now at 00f43b7 Skip auth mode, fix reload spinner, bypass Clerk for UI preview

up to date in 15m

107 packages are looking for funding
  run `npm fund` for details
Fetching ai-fix issues for coconut-app...
No ai-fix issues found for coconut-app.
Cleaning up...
