
================================================================
  AI Fix: coconut (web)
================================================================
M	package-lock.json
Your branch is behind 'origin/main' by 27 commits, and can be fast-forwarded.
  (use "git pull" to update your local branch)
HEAD is now at d0df45d chore: trigger deploy for Vercel [skip ci]

up to date in 2s

193 packages are looking for funding
  run `npm fund` for details
Fetching ai-fix issues for coconut...
No ai-fix issues found for coconut.

================================================================
  AI Fix: coconut-app (mobile)
================================================================
M	package-lock.json
Your branch is behind 'upstream/main' by 101 commits, and can be fast-forwarded.
  (use "git pull" to update your local branch)
HEAD is now at 00f43b7 Skip auth mode, fix reload spinner, bypass Clerk for UI preview

up to date in 3s

107 packages are looking for funding
  run `npm fund` for details
Fetching ai-fix issues for coconut-app...
No ai-fix issues found for coconut-app.
Cleaning up...
