
================================================================
  AI Fix: coconut (web)
================================================================
Your branch is up to date with 'origin/main'.
HEAD is now at 7c6cb14 fix(splitwise): deep link uses OAuth app variant + path-style URI

added 683 packages in 15s

193 packages are looking for funding
  run `npm fund` for details
Fetching ai-fix issues for coconut...
No ai-fix issues found for coconut.

================================================================
  AI Fix: coconut-app (mobile)
================================================================
M	package-lock.json
Your branch is behind 'upstream/main' by 88 commits, and can be fast-forwarded.
  (use "git pull" to update your local branch)
HEAD is now at 00f43b7 Skip auth mode, fix reload spinner, bypass Clerk for UI preview

up to date in 2s

107 packages are looking for funding
  run `npm fund` for details
Fetching ai-fix issues for coconut-app...
No ai-fix issues found for coconut-app.
Cleaning up...
