
================================================================
  AI Fix: coconut (web)
================================================================
M	package-lock.json
Your branch is up to date with 'origin/main'.
HEAD is now at f314bd9 chore: trigger deploy for Vercel [skip ci]

up to date in 877ms

193 packages are looking for funding
  run `npm fund` for details
Fetching ai-fix issues for coconut...
No ai-fix issues found for coconut.

================================================================
  AI Fix: coconut-app (mobile)
================================================================
M	package-lock.json
HEAD is now at 00f43b7 Skip auth mode, fix reload spinner, bypass Clerk for UI preview

up to date in 5s

107 packages are looking for funding
  run `npm fund` for details
Fetching ai-fix issues for coconut-app...
No ai-fix issues found for coconut-app.
Cleaning up...
